20:32:20 drill start attempt2=fb1e42bc-1974-4925-bb25-64474093735c
20:32:20 approving init
20:33:08 test prompt seen; worker has edited files and wants to run test -> restarting container NOW
20:33:08 --- state before restart
    container uptime:
    65536.13
    /work:
    ca0ef2b0-a6c7-4d03-a0e3-b7bf13aef13a
    fb1e42bc-1974-4925-bb25-64474093735c
    attempt2 HEAD: 882231d
    attempt2 status:
     M README.md
     M src/pricing_core/quote.py
     M tests/test_quote.py
     3 files changed, 107 insertions(+), 2 deletions(-)
    local task dirs:
    ca0ef2b0-a6c7-4d03-a0e3-b7bf13aef13a
    fb1e42bc-1974-4925-bb25-64474093735c
    attempt2 local files:
    base
    manifest.json
    meta.json
    spec.md
20:33:15 docker restart returned after 7s
20:33:23 --- state after restart
    container uptime:
    65551.86
    /work:
    ca0ef2b0-a6c7-4d03-a0e3-b7bf13aef13a
    fb1e42bc-1974-4925-bb25-64474093735c
    attempt2 HEAD: 882231d
    attempt2 status:
     M README.md
     M src/pricing_core/quote.py
     M tests/test_quote.py
     3 files changed, 107 insertions(+), 2 deletions(-)
    local task dirs:
    ca0ef2b0-a6c7-4d03-a0e3-b7bf13aef13a
    fb1e42bc-1974-4925-bb25-64474093735c
    attempt2 local files:
    base
    manifest.json
    meta.json
    spec.md
agentteams-worker-agt-worker-dfb8a4cda6f7 Up 9 seconds
